------------------------------------------------------------
TimeQuest Timing Analyzer Summary
------------------------------------------------------------

Type  : Slow 1200mV 85C Model Setup 'p1|altpll_component|auto_generated|pll1|clk[0]'
Slack : -19.492
TNS   : -7497.554

Type  : Slow 1200mV 85C Model Setup 'CLOCK_50'
Slack : -17.635
TNS   : -3669.225

Type  : Slow 1200mV 85C Model Setup 'cpu:u9|clock_reg'
Slack : -15.316
TNS   : -14637.358

Type  : Slow 1200mV 85C Model Setup 'cpu:u9|bunsyuu_reg[4]'
Slack : -13.589
TNS   : -308.299

Type  : Slow 1200mV 85C Model Setup 'cpu:u9|bunsyuu_reg[3]'
Slack : -3.855
TNS   : -85.952

Type  : Slow 1200mV 85C Model Setup 'I2C_AV_Config:u3|mI2C_CTRL_CLK'
Slack : -2.164
TNS   : -103.323

Type  : Slow 1200mV 85C Model Setup 'KEYBOARD_DEC:u6|keyboard_clk_filt'
Slack : -1.417
TNS   : -15.432

Type  : Slow 1200mV 85C Model Setup 'AUDIO_DAC:u4|LRCK_1X'
Slack : -1.255
TNS   : -7.121

Type  : Slow 1200mV 85C Model Setup 'AUDIO_DAC:u4|oAUD_BCK'
Slack : -0.198
TNS   : -0.396

Type  : Slow 1200mV 85C Model Setup 'p1|altpll_component|auto_generated|pll1|clk[1]'
Slack : 1.156
TNS   : 0.000

Type  : Slow 1200mV 85C Model Hold 'p1|altpll_component|auto_generated|pll1|clk[1]'
Slack : -2.041
TNS   : -4.081

Type  : Slow 1200mV 85C Model Hold 'CLOCK_50'
Slack : -0.223
TNS   : -0.612

Type  : Slow 1200mV 85C Model Hold 'p1|altpll_component|auto_generated|pll1|clk[0]'
Slack : 0.340
TNS   : 0.000

Type  : Slow 1200mV 85C Model Hold 'I2C_AV_Config:u3|mI2C_CTRL_CLK'
Slack : 0.388
TNS   : 0.000

Type  : Slow 1200mV 85C Model Hold 'AUDIO_DAC:u4|oAUD_BCK'
Slack : 0.405
TNS   : 0.000

Type  : Slow 1200mV 85C Model Hold 'KEYBOARD_DEC:u6|keyboard_clk_filt'
Slack : 0.406
TNS   : 0.000

Type  : Slow 1200mV 85C Model Hold 'AUDIO_DAC:u4|LRCK_1X'
Slack : 0.564
TNS   : 0.000

Type  : Slow 1200mV 85C Model Hold 'cpu:u9|clock_reg'
Slack : 0.589
TNS   : 0.000

Type  : Slow 1200mV 85C Model Hold 'cpu:u9|bunsyuu_reg[3]'
Slack : 1.598
TNS   : 0.000

Type  : Slow 1200mV 85C Model Hold 'cpu:u9|bunsyuu_reg[4]'
Slack : 3.197
TNS   : 0.000

Type  : Slow 1200mV 85C Model Recovery 'p1|altpll_component|auto_generated|pll1|clk[1]'
Slack : -4.755
TNS   : -62.867

Type  : Slow 1200mV 85C Model Recovery 'p1|altpll_component|auto_generated|pll1|clk[0]'
Slack : -3.772
TNS   : -282.317

Type  : Slow 1200mV 85C Model Recovery 'AUDIO_DAC:u4|LRCK_1X'
Slack : -3.003
TNS   : -17.609

Type  : Slow 1200mV 85C Model Recovery 'AUDIO_DAC:u4|oAUD_BCK'
Slack : -2.974
TNS   : -11.896

Type  : Slow 1200mV 85C Model Recovery 'CLOCK_50'
Slack : -2.493
TNS   : -122.529

Type  : Slow 1200mV 85C Model Removal 'p1|altpll_component|auto_generated|pll1|clk[0]'
Slack : 2.136
TNS   : 0.000

Type  : Slow 1200mV 85C Model Removal 'CLOCK_50'
Slack : 2.461
TNS   : 0.000

Type  : Slow 1200mV 85C Model Removal 'AUDIO_DAC:u4|LRCK_1X'
Slack : 2.900
TNS   : 0.000

Type  : Slow 1200mV 85C Model Removal 'p1|altpll_component|auto_generated|pll1|clk[1]'
Slack : 3.207
TNS   : 0.000

Type  : Slow 1200mV 85C Model Removal 'AUDIO_DAC:u4|oAUD_BCK'
Slack : 3.297
TNS   : 0.000

Type  : Slow 1200mV 85C Model Minimum Pulse Width 'CLOCK_50'
Slack : -3.000
TNS   : -619.376

Type  : Slow 1200mV 85C Model Minimum Pulse Width 'cpu:u9|bunsyuu_reg[4]'
Slack : -2.693
TNS   : -150.808

Type  : Slow 1200mV 85C Model Minimum Pulse Width 'cpu:u9|bunsyuu_reg[3]'
Slack : -2.693
TNS   : -96.948

Type  : Slow 1200mV 85C Model Minimum Pulse Width 'cpu:u9|clock_reg'
Slack : -1.285
TNS   : -1313.270

Type  : Slow 1200mV 85C Model Minimum Pulse Width 'I2C_AV_Config:u3|mI2C_CTRL_CLK'
Slack : -1.285
TNS   : -74.530

Type  : Slow 1200mV 85C Model Minimum Pulse Width 'KEYBOARD_DEC:u6|keyboard_clk_filt'
Slack : -1.285
TNS   : -17.990

Type  : Slow 1200mV 85C Model Minimum Pulse Width 'AUDIO_DAC:u4|LRCK_1X'
Slack : -1.285
TNS   : -7.710

Type  : Slow 1200mV 85C Model Minimum Pulse Width 'AUDIO_DAC:u4|oAUD_BCK'
Slack : -1.285
TNS   : -5.140

Type  : Slow 1200mV 85C Model Minimum Pulse Width 'CLOCK2_50'
Slack : 9.818
TNS   : 0.000

Type  : Slow 1200mV 85C Model Minimum Pulse Width 'p1|altpll_component|auto_generated|pll1|clk[0]'
Slack : 19.685
TNS   : 0.000

Type  : Slow 1200mV 85C Model Minimum Pulse Width 'p1|altpll_component|auto_generated|pll1|clk[1]'
Slack : 27.479
TNS   : 0.000

Type  : Slow 1200mV 0C Model Setup 'p1|altpll_component|auto_generated|pll1|clk[0]'
Slack : -17.772
TNS   : -6854.927

Type  : Slow 1200mV 0C Model Setup 'CLOCK_50'
Slack : -16.102
TNS   : -3336.369

Type  : Slow 1200mV 0C Model Setup 'cpu:u9|clock_reg'
Slack : -14.161
TNS   : -13459.232

Type  : Slow 1200mV 0C Model Setup 'cpu:u9|bunsyuu_reg[4]'
Slack : -12.466
TNS   : -282.362

Type  : Slow 1200mV 0C Model Setup 'cpu:u9|bunsyuu_reg[3]'
Slack : -3.515
TNS   : -74.980

Type  : Slow 1200mV 0C Model Setup 'I2C_AV_Config:u3|mI2C_CTRL_CLK'
Slack : -1.871
TNS   : -88.826

Type  : Slow 1200mV 0C Model Setup 'KEYBOARD_DEC:u6|keyboard_clk_filt'
Slack : -1.170
TNS   : -12.524

Type  : Slow 1200mV 0C Model Setup 'AUDIO_DAC:u4|LRCK_1X'
Slack : -1.053
TNS   : -5.956

Type  : Slow 1200mV 0C Model Setup 'AUDIO_DAC:u4|oAUD_BCK'
Slack : -0.079
TNS   : -0.157

Type  : Slow 1200mV 0C Model Setup 'p1|altpll_component|auto_generated|pll1|clk[1]'
Slack : 1.092
TNS   : 0.000

Type  : Slow 1200mV 0C Model Hold 'p1|altpll_component|auto_generated|pll1|clk[1]'
Slack : -1.900
TNS   : -3.800

Type  : Slow 1200mV 0C Model Hold 'CLOCK_50'
Slack : -0.116
TNS   : -0.304

Type  : Slow 1200mV 0C Model Hold 'p1|altpll_component|auto_generated|pll1|clk[0]'
Slack : 0.339
TNS   : 0.000

Type  : Slow 1200mV 0C Model Hold 'I2C_AV_Config:u3|mI2C_CTRL_CLK'
Slack : 0.340
TNS   : 0.000

Type  : Slow 1200mV 0C Model Hold 'KEYBOARD_DEC:u6|keyboard_clk_filt'
Slack : 0.354
TNS   : 0.000

Type  : Slow 1200mV 0C Model Hold 'AUDIO_DAC:u4|oAUD_BCK'
Slack : 0.357
TNS   : 0.000

Type  : Slow 1200mV 0C Model Hold 'cpu:u9|clock_reg'
Slack : 0.482
TNS   : 0.000

Type  : Slow 1200mV 0C Model Hold 'AUDIO_DAC:u4|LRCK_1X'
Slack : 0.516
TNS   : 0.000

Type  : Slow 1200mV 0C Model Hold 'cpu:u9|bunsyuu_reg[3]'
Slack : 1.502
TNS   : 0.000

Type  : Slow 1200mV 0C Model Hold 'cpu:u9|bunsyuu_reg[4]'
Slack : 2.986
TNS   : 0.000

Type  : Slow 1200mV 0C Model Recovery 'p1|altpll_component|auto_generated|pll1|clk[1]'
Slack : -4.230
TNS   : -55.827

Type  : Slow 1200mV 0C Model Recovery 'p1|altpll_component|auto_generated|pll1|clk[0]'
Slack : -3.244
TNS   : -241.612

Type  : Slow 1200mV 0C Model Recovery 'AUDIO_DAC:u4|LRCK_1X'
Slack : -2.669
TNS   : -15.652

Type  : Slow 1200mV 0C Model Recovery 'AUDIO_DAC:u4|oAUD_BCK'
Slack : -2.641
TNS   : -10.564

Type  : Slow 1200mV 0C Model Recovery 'CLOCK_50'
Slack : -2.109
TNS   : -103.319

Type  : Slow 1200mV 0C Model Removal 'p1|altpll_component|auto_generated|pll1|clk[0]'
Slack : 1.933
TNS   : 0.000

Type  : Slow 1200mV 0C Model Removal 'CLOCK_50'
Slack : 2.193
TNS   : 0.000

Type  : Slow 1200mV 0C Model Removal 'AUDIO_DAC:u4|LRCK_1X'
Slack : 2.697
TNS   : 0.000

Type  : Slow 1200mV 0C Model Removal 'p1|altpll_component|auto_generated|pll1|clk[1]'
Slack : 2.836
TNS   : 0.000

Type  : Slow 1200mV 0C Model Removal 'AUDIO_DAC:u4|oAUD_BCK'
Slack : 3.046
TNS   : 0.000

Type  : Slow 1200mV 0C Model Minimum Pulse Width 'CLOCK_50'
Slack : -3.000
TNS   : -619.068

Type  : Slow 1200mV 0C Model Minimum Pulse Width 'cpu:u9|bunsyuu_reg[4]'
Slack : -2.649
TNS   : -148.344

Type  : Slow 1200mV 0C Model Minimum Pulse Width 'cpu:u9|bunsyuu_reg[3]'
Slack : -2.649
TNS   : -95.364

Type  : Slow 1200mV 0C Model Minimum Pulse Width 'cpu:u9|clock_reg'
Slack : -1.285
TNS   : -1313.270

Type  : Slow 1200mV 0C Model Minimum Pulse Width 'I2C_AV_Config:u3|mI2C_CTRL_CLK'
Slack : -1.285
TNS   : -74.530

Type  : Slow 1200mV 0C Model Minimum Pulse Width 'KEYBOARD_DEC:u6|keyboard_clk_filt'
Slack : -1.285
TNS   : -17.990

Type  : Slow 1200mV 0C Model Minimum Pulse Width 'AUDIO_DAC:u4|LRCK_1X'
Slack : -1.285
TNS   : -7.710

Type  : Slow 1200mV 0C Model Minimum Pulse Width 'AUDIO_DAC:u4|oAUD_BCK'
Slack : -1.285
TNS   : -5.140

Type  : Slow 1200mV 0C Model Minimum Pulse Width 'CLOCK2_50'
Slack : 9.828
TNS   : 0.000

Type  : Slow 1200mV 0C Model Minimum Pulse Width 'p1|altpll_component|auto_generated|pll1|clk[0]'
Slack : 19.678
TNS   : 0.000

Type  : Slow 1200mV 0C Model Minimum Pulse Width 'p1|altpll_component|auto_generated|pll1|clk[1]'
Slack : 27.465
TNS   : 0.000

Type  : Fast 1200mV 0C Model Setup 'p1|altpll_component|auto_generated|pll1|clk[0]'
Slack : -9.483
TNS   : -3639.337

Type  : Fast 1200mV 0C Model Setup 'CLOCK_50'
Slack : -8.530
TNS   : -1660.258

Type  : Fast 1200mV 0C Model Setup 'cpu:u9|clock_reg'
Slack : -7.498
TNS   : -7091.412

Type  : Fast 1200mV 0C Model Setup 'cpu:u9|bunsyuu_reg[4]'
Slack : -6.572
TNS   : -130.048

Type  : Fast 1200mV 0C Model Setup 'cpu:u9|bunsyuu_reg[3]'
Slack : -1.491
TNS   : -16.367

Type  : Fast 1200mV 0C Model Setup 'I2C_AV_Config:u3|mI2C_CTRL_CLK'
Slack : -0.581
TNS   : -20.476

Type  : Fast 1200mV 0C Model Setup 'KEYBOARD_DEC:u6|keyboard_clk_filt'
Slack : -0.208
TNS   : -0.923

Type  : Fast 1200mV 0C Model Setup 'AUDIO_DAC:u4|LRCK_1X'
Slack : -0.065
TNS   : -0.325

Type  : Fast 1200mV 0C Model Setup 'AUDIO_DAC:u4|oAUD_BCK'
Slack : 0.408
TNS   : 0.000

Type  : Fast 1200mV 0C Model Setup 'p1|altpll_component|auto_generated|pll1|clk[1]'
Slack : 0.489
TNS   : 0.000

Type  : Fast 1200mV 0C Model Hold 'p1|altpll_component|auto_generated|pll1|clk[1]'
Slack : -1.028
TNS   : -2.056

Type  : Fast 1200mV 0C Model Hold 'CLOCK_50'
Slack : -0.237
TNS   : -1.124

Type  : Fast 1200mV 0C Model Hold 'p1|altpll_component|auto_generated|pll1|clk[0]'
Slack : 0.141
TNS   : 0.000

Type  : Fast 1200mV 0C Model Hold 'I2C_AV_Config:u3|mI2C_CTRL_CLK'
Slack : 0.174
TNS   : 0.000

Type  : Fast 1200mV 0C Model Hold 'AUDIO_DAC:u4|oAUD_BCK'
Slack : 0.180
TNS   : 0.000

Type  : Fast 1200mV 0C Model Hold 'KEYBOARD_DEC:u6|keyboard_clk_filt'
Slack : 0.180
TNS   : 0.000

Type  : Fast 1200mV 0C Model Hold 'AUDIO_DAC:u4|LRCK_1X'
Slack : 0.235
TNS   : 0.000

Type  : Fast 1200mV 0C Model Hold 'cpu:u9|clock_reg'
Slack : 0.267
TNS   : 0.000

Type  : Fast 1200mV 0C Model Hold 'cpu:u9|bunsyuu_reg[3]'
Slack : 0.713
TNS   : 0.000

Type  : Fast 1200mV 0C Model Hold 'cpu:u9|bunsyuu_reg[4]'
Slack : 1.412
TNS   : 0.000

Type  : Fast 1200mV 0C Model Recovery 'p1|altpll_component|auto_generated|pll1|clk[1]'
Slack : -2.636
TNS   : -35.154

Type  : Fast 1200mV 0C Model Recovery 'p1|altpll_component|auto_generated|pll1|clk[0]'
Slack : -1.647
TNS   : -122.448

Type  : Fast 1200mV 0C Model Recovery 'AUDIO_DAC:u4|LRCK_1X'
Slack : -1.296
TNS   : -7.560

Type  : Fast 1200mV 0C Model Recovery 'AUDIO_DAC:u4|oAUD_BCK'
Slack : -1.274
TNS   : -5.096

Type  : Fast 1200mV 0C Model Recovery 'CLOCK_50'
Slack : -0.872
TNS   : -42.295

Type  : Fast 1200mV 0C Model Removal 'p1|altpll_component|auto_generated|pll1|clk[0]'
Slack : 1.025
TNS   : 0.000

Type  : Fast 1200mV 0C Model Removal 'CLOCK_50'
Slack : 1.309
TNS   : 0.000

Type  : Fast 1200mV 0C Model Removal 'AUDIO_DAC:u4|LRCK_1X'
Slack : 1.650
TNS   : 0.000

Type  : Fast 1200mV 0C Model Removal 'p1|altpll_component|auto_generated|pll1|clk[1]'
Slack : 1.718
TNS   : 0.000

Type  : Fast 1200mV 0C Model Removal 'AUDIO_DAC:u4|oAUD_BCK'
Slack : 1.850
TNS   : 0.000

Type  : Fast 1200mV 0C Model Minimum Pulse Width 'CLOCK_50'
Slack : -3.000
TNS   : -614.782

Type  : Fast 1200mV 0C Model Minimum Pulse Width 'cpu:u9|clock_reg'
Slack : -1.000
TNS   : -1022.000

Type  : Fast 1200mV 0C Model Minimum Pulse Width 'I2C_AV_Config:u3|mI2C_CTRL_CLK'
Slack : -1.000
TNS   : -58.000

Type  : Fast 1200mV 0C Model Minimum Pulse Width 'cpu:u9|bunsyuu_reg[4]'
Slack : -1.000
TNS   : -56.000

Type  : Fast 1200mV 0C Model Minimum Pulse Width 'cpu:u9|bunsyuu_reg[3]'
Slack : -1.000
TNS   : -36.000

Type  : Fast 1200mV 0C Model Minimum Pulse Width 'KEYBOARD_DEC:u6|keyboard_clk_filt'
Slack : -1.000
TNS   : -14.000

Type  : Fast 1200mV 0C Model Minimum Pulse Width 'AUDIO_DAC:u4|LRCK_1X'
Slack : -1.000
TNS   : -6.000

Type  : Fast 1200mV 0C Model Minimum Pulse Width 'AUDIO_DAC:u4|oAUD_BCK'
Slack : -1.000
TNS   : -4.000

Type  : Fast 1200mV 0C Model Minimum Pulse Width 'CLOCK2_50'
Slack : 9.432
TNS   : 0.000

Type  : Fast 1200mV 0C Model Minimum Pulse Width 'p1|altpll_component|auto_generated|pll1|clk[0]'
Slack : 19.757
TNS   : 0.000

Type  : Fast 1200mV 0C Model Minimum Pulse Width 'p1|altpll_component|auto_generated|pll1|clk[1]'
Slack : 27.551
TNS   : 0.000

------------------------------------------------------------
