------------------------------------------------------------
TimeQuest Timing Analyzer Summary
------------------------------------------------------------

Type  : Slow 1200mV 85C Model Setup 'p1|altpll_component|auto_generated|pll1|clk[0]'
Slack : -20.883
TNS   : -8109.664

Type  : Slow 1200mV 85C Model Setup 'CLOCK_50'
Slack : -18.828
TNS   : -3905.339

Type  : Slow 1200mV 85C Model Setup 'cpu:u9|clock_reg'
Slack : -18.446
TNS   : -18228.612

Type  : Slow 1200mV 85C Model Setup 'cpu:u9|bunsyuu_reg[4]'
Slack : -13.575
TNS   : -286.690

Type  : Slow 1200mV 85C Model Setup 'cpu:u9|bunsyuu_reg[3]'
Slack : -3.799
TNS   : -86.278

Type  : Slow 1200mV 85C Model Setup 'I2C_AV_Config:u3|mI2C_CTRL_CLK'
Slack : -2.482
TNS   : -107.971

Type  : Slow 1200mV 85C Model Setup 'KEYBOARD_DEC:u6|keyboard_clk_filt'
Slack : -1.749
TNS   : -17.303

Type  : Slow 1200mV 85C Model Setup 'AUDIO_DAC:u4|LRCK_1X'
Slack : -1.275
TNS   : -7.241

Type  : Slow 1200mV 85C Model Setup 'AUDIO_DAC:u4|oAUD_BCK'
Slack : -0.200
TNS   : -0.391

Type  : Slow 1200mV 85C Model Setup 'p1|altpll_component|auto_generated|pll1|clk[1]'
Slack : 1.153
TNS   : 0.000

Type  : Slow 1200mV 85C Model Hold 'p1|altpll_component|auto_generated|pll1|clk[1]'
Slack : -2.041
TNS   : -4.078

Type  : Slow 1200mV 85C Model Hold 'cpu:u9|clock_reg'
Slack : -0.925
TNS   : -2.762

Type  : Slow 1200mV 85C Model Hold 'CLOCK_50'
Slack : -0.885
TNS   : -4.892

Type  : Slow 1200mV 85C Model Hold 'p1|altpll_component|auto_generated|pll1|clk[0]'
Slack : 0.349
TNS   : 0.000

Type  : Slow 1200mV 85C Model Hold 'I2C_AV_Config:u3|mI2C_CTRL_CLK'
Slack : 0.388
TNS   : 0.000

Type  : Slow 1200mV 85C Model Hold 'AUDIO_DAC:u4|oAUD_BCK'
Slack : 0.406
TNS   : 0.000

Type  : Slow 1200mV 85C Model Hold 'KEYBOARD_DEC:u6|keyboard_clk_filt'
Slack : 0.406
TNS   : 0.000

Type  : Slow 1200mV 85C Model Hold 'AUDIO_DAC:u4|LRCK_1X'
Slack : 0.566
TNS   : 0.000

Type  : Slow 1200mV 85C Model Hold 'cpu:u9|bunsyuu_reg[4]'
Slack : 1.422
TNS   : 0.000

Type  : Slow 1200mV 85C Model Hold 'cpu:u9|bunsyuu_reg[3]'
Slack : 1.847
TNS   : 0.000

Type  : Slow 1200mV 85C Model Recovery 'p1|altpll_component|auto_generated|pll1|clk[1]'
Slack : -4.730
TNS   : -62.171

Type  : Slow 1200mV 85C Model Recovery 'p1|altpll_component|auto_generated|pll1|clk[0]'
Slack : -3.717
TNS   : -271.215

Type  : Slow 1200mV 85C Model Recovery 'AUDIO_DAC:u4|LRCK_1X'
Slack : -3.097
TNS   : -18.173

Type  : Slow 1200mV 85C Model Recovery 'AUDIO_DAC:u4|oAUD_BCK'
Slack : -2.902
TNS   : -11.608

Type  : Slow 1200mV 85C Model Recovery 'CLOCK_50'
Slack : -2.436
TNS   : -120.009

Type  : Slow 1200mV 85C Model Removal 'p1|altpll_component|auto_generated|pll1|clk[0]'
Slack : 1.877
TNS   : 0.000

Type  : Slow 1200mV 85C Model Removal 'CLOCK_50'
Slack : 2.416
TNS   : 0.000

Type  : Slow 1200mV 85C Model Removal 'AUDIO_DAC:u4|LRCK_1X'
Slack : 3.010
TNS   : 0.000

Type  : Slow 1200mV 85C Model Removal 'p1|altpll_component|auto_generated|pll1|clk[1]'
Slack : 3.150
TNS   : 0.000

Type  : Slow 1200mV 85C Model Removal 'AUDIO_DAC:u4|oAUD_BCK'
Slack : 3.234
TNS   : 0.000

Type  : Slow 1200mV 85C Model Minimum Pulse Width 'CLOCK_50'
Slack : -3.000
TNS   : -619.376

Type  : Slow 1200mV 85C Model Minimum Pulse Width 'cpu:u9|bunsyuu_reg[4]'
Slack : -2.693
TNS   : -150.808

Type  : Slow 1200mV 85C Model Minimum Pulse Width 'cpu:u9|bunsyuu_reg[3]'
Slack : -2.693
TNS   : -96.948

Type  : Slow 1200mV 85C Model Minimum Pulse Width 'cpu:u9|clock_reg'
Slack : -1.285
TNS   : -1313.270

Type  : Slow 1200mV 85C Model Minimum Pulse Width 'I2C_AV_Config:u3|mI2C_CTRL_CLK'
Slack : -1.285
TNS   : -74.530

Type  : Slow 1200mV 85C Model Minimum Pulse Width 'KEYBOARD_DEC:u6|keyboard_clk_filt'
Slack : -1.285
TNS   : -17.990

Type  : Slow 1200mV 85C Model Minimum Pulse Width 'AUDIO_DAC:u4|LRCK_1X'
Slack : -1.285
TNS   : -7.710

Type  : Slow 1200mV 85C Model Minimum Pulse Width 'AUDIO_DAC:u4|oAUD_BCK'
Slack : -1.285
TNS   : -5.140

Type  : Slow 1200mV 85C Model Minimum Pulse Width 'CLOCK2_50'
Slack : 9.818
TNS   : 0.000

Type  : Slow 1200mV 85C Model Minimum Pulse Width 'p1|altpll_component|auto_generated|pll1|clk[0]'
Slack : 19.689
TNS   : 0.000

Type  : Slow 1200mV 85C Model Minimum Pulse Width 'p1|altpll_component|auto_generated|pll1|clk[1]'
Slack : 27.478
TNS   : 0.000

Type  : Slow 1200mV 0C Model Setup 'p1|altpll_component|auto_generated|pll1|clk[0]'
Slack : -19.122
TNS   : -7398.936

Type  : Slow 1200mV 0C Model Setup 'CLOCK_50'
Slack : -17.227
TNS   : -3556.845

Type  : Slow 1200mV 0C Model Setup 'cpu:u9|clock_reg'
Slack : -16.880
TNS   : -16719.022

Type  : Slow 1200mV 0C Model Setup 'cpu:u9|bunsyuu_reg[4]'
Slack : -12.441
TNS   : -262.990

Type  : Slow 1200mV 0C Model Setup 'cpu:u9|bunsyuu_reg[3]'
Slack : -3.448
TNS   : -75.316

Type  : Slow 1200mV 0C Model Setup 'I2C_AV_Config:u3|mI2C_CTRL_CLK'
Slack : -2.162
TNS   : -92.715

Type  : Slow 1200mV 0C Model Setup 'KEYBOARD_DEC:u6|keyboard_clk_filt'
Slack : -1.503
TNS   : -14.471

Type  : Slow 1200mV 0C Model Setup 'AUDIO_DAC:u4|LRCK_1X'
Slack : -1.071
TNS   : -6.064

Type  : Slow 1200mV 0C Model Setup 'AUDIO_DAC:u4|oAUD_BCK'
Slack : -0.080
TNS   : -0.153

Type  : Slow 1200mV 0C Model Setup 'p1|altpll_component|auto_generated|pll1|clk[1]'
Slack : 1.088
TNS   : 0.000

Type  : Slow 1200mV 0C Model Hold 'p1|altpll_component|auto_generated|pll1|clk[1]'
Slack : -1.898
TNS   : -3.793

Type  : Slow 1200mV 0C Model Hold 'cpu:u9|clock_reg'
Slack : -0.822
TNS   : -2.323

Type  : Slow 1200mV 0C Model Hold 'CLOCK_50'
Slack : -0.753
TNS   : -3.933

Type  : Slow 1200mV 0C Model Hold 'I2C_AV_Config:u3|mI2C_CTRL_CLK'
Slack : 0.338
TNS   : 0.000

Type  : Slow 1200mV 0C Model Hold 'p1|altpll_component|auto_generated|pll1|clk[0]'
Slack : 0.338
TNS   : 0.000

Type  : Slow 1200mV 0C Model Hold 'KEYBOARD_DEC:u6|keyboard_clk_filt'
Slack : 0.357
TNS   : 0.000

Type  : Slow 1200mV 0C Model Hold 'AUDIO_DAC:u4|oAUD_BCK'
Slack : 0.358
TNS   : 0.000

Type  : Slow 1200mV 0C Model Hold 'AUDIO_DAC:u4|LRCK_1X'
Slack : 0.517
TNS   : 0.000

Type  : Slow 1200mV 0C Model Hold 'cpu:u9|bunsyuu_reg[4]'
Slack : 1.296
TNS   : 0.000

Type  : Slow 1200mV 0C Model Hold 'cpu:u9|bunsyuu_reg[3]'
Slack : 1.680
TNS   : 0.000

Type  : Slow 1200mV 0C Model Recovery 'p1|altpll_component|auto_generated|pll1|clk[1]'
Slack : -4.212
TNS   : -55.261

Type  : Slow 1200mV 0C Model Recovery 'p1|altpll_component|auto_generated|pll1|clk[0]'
Slack : -3.206
TNS   : -232.146

Type  : Slow 1200mV 0C Model Recovery 'AUDIO_DAC:u4|LRCK_1X'
Slack : -2.767
TNS   : -16.240

Type  : Slow 1200mV 0C Model Recovery 'AUDIO_DAC:u4|oAUD_BCK'
Slack : -2.583
TNS   : -10.332

Type  : Slow 1200mV 0C Model Recovery 'CLOCK_50'
Slack : -2.070
TNS   : -101.691

Type  : Slow 1200mV 0C Model Removal 'p1|altpll_component|auto_generated|pll1|clk[0]'
Slack : 1.698
TNS   : 0.000

Type  : Slow 1200mV 0C Model Removal 'CLOCK_50'
Slack : 2.155
TNS   : 0.000

Type  : Slow 1200mV 0C Model Removal 'p1|altpll_component|auto_generated|pll1|clk[1]'
Slack : 2.789
TNS   : 0.000

Type  : Slow 1200mV 0C Model Removal 'AUDIO_DAC:u4|LRCK_1X'
Slack : 2.805
TNS   : 0.000

Type  : Slow 1200mV 0C Model Removal 'AUDIO_DAC:u4|oAUD_BCK'
Slack : 2.991
TNS   : 0.000

Type  : Slow 1200mV 0C Model Minimum Pulse Width 'CLOCK_50'
Slack : -3.000
TNS   : -619.068

Type  : Slow 1200mV 0C Model Minimum Pulse Width 'cpu:u9|bunsyuu_reg[4]'
Slack : -2.649
TNS   : -148.344

Type  : Slow 1200mV 0C Model Minimum Pulse Width 'cpu:u9|bunsyuu_reg[3]'
Slack : -2.649
TNS   : -95.364

Type  : Slow 1200mV 0C Model Minimum Pulse Width 'cpu:u9|clock_reg'
Slack : -1.285
TNS   : -1313.270

Type  : Slow 1200mV 0C Model Minimum Pulse Width 'I2C_AV_Config:u3|mI2C_CTRL_CLK'
Slack : -1.285
TNS   : -74.530

Type  : Slow 1200mV 0C Model Minimum Pulse Width 'KEYBOARD_DEC:u6|keyboard_clk_filt'
Slack : -1.285
TNS   : -17.990

Type  : Slow 1200mV 0C Model Minimum Pulse Width 'AUDIO_DAC:u4|LRCK_1X'
Slack : -1.285
TNS   : -7.710

Type  : Slow 1200mV 0C Model Minimum Pulse Width 'AUDIO_DAC:u4|oAUD_BCK'
Slack : -1.285
TNS   : -5.140

Type  : Slow 1200mV 0C Model Minimum Pulse Width 'CLOCK2_50'
Slack : 9.828
TNS   : 0.000

Type  : Slow 1200mV 0C Model Minimum Pulse Width 'p1|altpll_component|auto_generated|pll1|clk[0]'
Slack : 19.679
TNS   : 0.000

Type  : Slow 1200mV 0C Model Minimum Pulse Width 'p1|altpll_component|auto_generated|pll1|clk[1]'
Slack : 27.462
TNS   : 0.000

Type  : Fast 1200mV 0C Model Setup 'p1|altpll_component|auto_generated|pll1|clk[0]'
Slack : -10.255
TNS   : -3952.592

Type  : Fast 1200mV 0C Model Setup 'CLOCK_50'
Slack : -9.146
TNS   : -1785.447

Type  : Fast 1200mV 0C Model Setup 'cpu:u9|clock_reg'
Slack : -8.981
TNS   : -8836.826

Type  : Fast 1200mV 0C Model Setup 'cpu:u9|bunsyuu_reg[4]'
Slack : -6.479
TNS   : -116.983

Type  : Fast 1200mV 0C Model Setup 'cpu:u9|bunsyuu_reg[3]'
Slack : -1.424
TNS   : -16.352

Type  : Fast 1200mV 0C Model Setup 'I2C_AV_Config:u3|mI2C_CTRL_CLK'
Slack : -0.667
TNS   : -22.665

Type  : Fast 1200mV 0C Model Setup 'KEYBOARD_DEC:u6|keyboard_clk_filt'
Slack : -0.328
TNS   : -1.420

Type  : Fast 1200mV 0C Model Setup 'AUDIO_DAC:u4|LRCK_1X'
Slack : -0.074
TNS   : -0.370

Type  : Fast 1200mV 0C Model Setup 'AUDIO_DAC:u4|oAUD_BCK'
Slack : 0.407
TNS   : 0.000

Type  : Fast 1200mV 0C Model Setup 'p1|altpll_component|auto_generated|pll1|clk[1]'
Slack : 0.485
TNS   : 0.000

Type  : Fast 1200mV 0C Model Hold 'p1|altpll_component|auto_generated|pll1|clk[1]'
Slack : -1.026
TNS   : -2.050

Type  : Fast 1200mV 0C Model Hold 'cpu:u9|clock_reg'
Slack : -0.718
TNS   : -4.034

Type  : Fast 1200mV 0C Model Hold 'CLOCK_50'
Slack : -0.486
TNS   : -3.269

Type  : Fast 1200mV 0C Model Hold 'p1|altpll_component|auto_generated|pll1|clk[0]'
Slack : 0.144
TNS   : 0.000

Type  : Fast 1200mV 0C Model Hold 'I2C_AV_Config:u3|mI2C_CTRL_CLK'
Slack : 0.174
TNS   : 0.000

Type  : Fast 1200mV 0C Model Hold 'AUDIO_DAC:u4|oAUD_BCK'
Slack : 0.180
TNS   : 0.000

Type  : Fast 1200mV 0C Model Hold 'KEYBOARD_DEC:u6|keyboard_clk_filt'
Slack : 0.180
TNS   : 0.000

Type  : Fast 1200mV 0C Model Hold 'AUDIO_DAC:u4|LRCK_1X'
Slack : 0.235
TNS   : 0.000

Type  : Fast 1200mV 0C Model Hold 'cpu:u9|bunsyuu_reg[4]'
Slack : 0.611
TNS   : 0.000

Type  : Fast 1200mV 0C Model Hold 'cpu:u9|bunsyuu_reg[3]'
Slack : 0.801
TNS   : 0.000

Type  : Fast 1200mV 0C Model Recovery 'p1|altpll_component|auto_generated|pll1|clk[1]'
Slack : -2.616
TNS   : -34.735

Type  : Fast 1200mV 0C Model Recovery 'p1|altpll_component|auto_generated|pll1|clk[0]'
Slack : -1.612
TNS   : -116.401

Type  : Fast 1200mV 0C Model Recovery 'AUDIO_DAC:u4|LRCK_1X'
Slack : -1.332
TNS   : -7.776

Type  : Fast 1200mV 0C Model Recovery 'AUDIO_DAC:u4|oAUD_BCK'
Slack : -1.224
TNS   : -4.896

Type  : Fast 1200mV 0C Model Recovery 'CLOCK_50'
Slack : -0.834
TNS   : -40.537

Type  : Fast 1200mV 0C Model Removal 'p1|altpll_component|auto_generated|pll1|clk[0]'
Slack : 0.892
TNS   : 0.000

Type  : Fast 1200mV 0C Model Removal 'CLOCK_50'
Slack : 1.280
TNS   : 0.000

Type  : Fast 1200mV 0C Model Removal 'p1|altpll_component|auto_generated|pll1|clk[1]'
Slack : 1.688
TNS   : 0.000

Type  : Fast 1200mV 0C Model Removal 'AUDIO_DAC:u4|LRCK_1X'
Slack : 1.698
TNS   : 0.000

Type  : Fast 1200mV 0C Model Removal 'AUDIO_DAC:u4|oAUD_BCK'
Slack : 1.809
TNS   : 0.000

Type  : Fast 1200mV 0C Model Minimum Pulse Width 'CLOCK_50'
Slack : -3.000
TNS   : -613.819

Type  : Fast 1200mV 0C Model Minimum Pulse Width 'cpu:u9|clock_reg'
Slack : -1.000
TNS   : -1022.000

Type  : Fast 1200mV 0C Model Minimum Pulse Width 'I2C_AV_Config:u3|mI2C_CTRL_CLK'
Slack : -1.000
TNS   : -58.000

Type  : Fast 1200mV 0C Model Minimum Pulse Width 'cpu:u9|bunsyuu_reg[4]'
Slack : -1.000
TNS   : -56.000

Type  : Fast 1200mV 0C Model Minimum Pulse Width 'cpu:u9|bunsyuu_reg[3]'
Slack : -1.000
TNS   : -36.000

Type  : Fast 1200mV 0C Model Minimum Pulse Width 'KEYBOARD_DEC:u6|keyboard_clk_filt'
Slack : -1.000
TNS   : -14.000

Type  : Fast 1200mV 0C Model Minimum Pulse Width 'AUDIO_DAC:u4|LRCK_1X'
Slack : -1.000
TNS   : -6.000

Type  : Fast 1200mV 0C Model Minimum Pulse Width 'AUDIO_DAC:u4|oAUD_BCK'
Slack : -1.000
TNS   : -4.000

Type  : Fast 1200mV 0C Model Minimum Pulse Width 'CLOCK2_50'
Slack : 9.432
TNS   : 0.000

Type  : Fast 1200mV 0C Model Minimum Pulse Width 'p1|altpll_component|auto_generated|pll1|clk[0]'
Slack : 19.756
TNS   : 0.000

Type  : Fast 1200mV 0C Model Minimum Pulse Width 'p1|altpll_component|auto_generated|pll1|clk[1]'
Slack : 27.553
TNS   : 0.000

------------------------------------------------------------
